<?xml version="1.0" encoding="UTF-8"?>
<TestRun id="4296160f-a498-4df7-93ad-5d42e267773c" name="Neo@WATERGATE 2010-03-09 08:50:19" runUser="Watergate\Neo" xmlns="http://microsoft.com/schemas/VisualStudio/TeamTest/2006">
  <TestRunConfiguration name="Local Test Run" id="61bb3e6c-d965-4f07-9e9f-a894856af876">
    <Description>This is a default test run configuration for a local test run.</Description>
    <Deployment runDeploymentRoot="G:\MIS2010Group1 Everything\MIS2010Group1Project\TestResults\Neo_WATERGATE 2010-03-09 08_50_19">
      <DeploymentItem filename="G:\MIS2010Group1 Everything\MIS2010Group1Project\MIS2010Group1ClassLibrary\bin\Debug\MIS2010Group1ClassLibrary.dll" />
    </Deployment>
    <TestTypeSpecific />
  </TestRunConfiguration>
  <ResultSummary outcome="Failed">
    <Counters total="9" executed="9" error="0" failed="9" timeout="0" aborted="0" inconclusive="0" passedButRunAborted="0" notRunnable="0" notExecuted="0" disconnected="0" warning="0" passed="0" completed="0" inProgress="0" pending="0" />
  </ResultSummary>
  <Times creation="2010-03-09T08:50:19.3380000-05:00" queuing="2010-03-09T08:50:21.8570000-05:00" start="2010-03-09T08:50:22.9990000-05:00" finish="2010-03-09T08:50:24.0440000-05:00" />
  <TestDefinitions>
    <UnitTest name="AddNewCommentTest" storage="g:\mis2010group1 everything\mis2010group1project\mis2010group1testproject\bin\debug\mis2010group1testproject.dll" id="7ffb2040-37b0-034c-f592-c49170b7e5f6">
      <Css projectStructure="" iteration="" />
      <Owners>
        <Owner name="" />
      </Owners>
      <Execution id="c8708dcb-6a53-48d8-b5b0-d126ed5ff86f" />
      <TestMethod codeBase="G:\MIS2010Group1 Everything\MIS2010Group1Project\MIS2010Group1TestProject\bin\Debug\MIS2010Group1TestProject.dll" adapterTypeName="Microsoft.VisualStudio.TestTools.TestTypes.Unit.UnitTestAdapter, Microsoft.VisualStudio.QualityTools.Tips.UnitTest.Adapter, Version=9.0.0.0, Culture=neutral, PublicKeyToken=b03f5f7f11d50a3a" className="MIS2010Group1TestProject.CommentsTest, MIS2010Group1TestProject" name="AddNewCommentTest" />
    </UnitTest>
    <UnitTest name="GetStudentDemeritListTest" storage="g:\mis2010group1 everything\mis2010group1project\mis2010group1testproject\bin\debug\mis2010group1testproject.dll" id="0592f909-c8f5-63a5-cd3a-765531dd86f2">
      <Css projectStructure="" iteration="" />
      <Owners>
        <Owner name="" />
      </Owners>
      <Execution id="e58ce516-19c1-47f8-89fe-5fa2a9eaaf14" />
      <TestMethod codeBase="G:\MIS2010Group1 Everything\MIS2010Group1Project\MIS2010Group1TestProject\bin\Debug\MIS2010Group1TestProject.dll" adapterTypeName="Microsoft.VisualStudio.TestTools.TestTypes.Unit.UnitTestAdapter, Microsoft.VisualStudio.QualityTools.Tips.UnitTest.Adapter, Version=9.0.0.0, Culture=neutral, PublicKeyToken=b03f5f7f11d50a3a" className="MIS2010Group1TestProject.DemeritsTest, MIS2010Group1TestProject" name="GetStudentDemeritListTest" />
    </UnitTest>
    <UnitTest name="GetAllDemeritsTest" storage="g:\mis2010group1 everything\mis2010group1project\mis2010group1testproject\bin\debug\mis2010group1testproject.dll" id="cee05554-effe-b319-ad4e-15f4137afa21">
      <Css projectStructure="" iteration="" />
      <Owners>
        <Owner name="" />
      </Owners>
      <Execution id="5d920751-efc3-4999-b6b0-8172ec7e8535" />
      <TestMethod codeBase="G:\MIS2010Group1 Everything\MIS2010Group1Project\MIS2010Group1TestProject\bin\Debug\MIS2010Group1TestProject.dll" adapterTypeName="Microsoft.VisualStudio.TestTools.TestTypes.Unit.UnitTestAdapter, Microsoft.VisualStudio.QualityTools.Tips.UnitTest.Adapter, Version=9.0.0.0, Culture=neutral, PublicKeyToken=b03f5f7f11d50a3a" className="MIS2010Group1TestProject.DemeritsTest, MIS2010Group1TestProject" name="GetAllDemeritsTest" />
    </UnitTest>
    <UnitTest name="GetStudentDetentionsTest" storage="g:\mis2010group1 everything\mis2010group1project\mis2010group1testproject\bin\debug\mis2010group1testproject.dll" id="24d576dc-8a50-23c7-03c8-f5f73a484117">
      <Css projectStructure="" iteration="" />
      <Owners>
        <Owner name="" />
      </Owners>
      <Execution id="41edf1b4-017b-4e17-a054-4b15b0701fc9" />
      <TestMethod codeBase="G:\MIS2010Group1 Everything\MIS2010Group1Project\MIS2010Group1TestProject\bin\Debug\MIS2010Group1TestProject.dll" adapterTypeName="Microsoft.VisualStudio.TestTools.TestTypes.Unit.UnitTestAdapter, Microsoft.VisualStudio.QualityTools.Tips.UnitTest.Adapter, Version=9.0.0.0, Culture=neutral, PublicKeyToken=b03f5f7f11d50a3a" className="MIS2010Group1TestProject.DetentionTest, MIS2010Group1TestProject" name="GetStudentDetentionsTest" />
    </UnitTest>
    <UnitTest name="ADtoDemeritListTest" storage="g:\mis2010group1 everything\mis2010group1project\mis2010group1testproject\bin\debug\mis2010group1testproject.dll" id="f4015640-96d6-f607-efa6-6e523d41cc75">
      <Css projectStructure="" iteration="" />
      <Owners>
        <Owner name="" />
      </Owners>
      <Execution id="3a4ed00b-b7e3-44d9-a564-a7709da68048" />
      <TestMethod codeBase="G:\MIS2010Group1 Everything\MIS2010Group1Project\MIS2010Group1TestProject\bin\Debug\MIS2010Group1TestProject.dll" adapterTypeName="Microsoft.VisualStudio.TestTools.TestTypes.Unit.UnitTestAdapter, Microsoft.VisualStudio.QualityTools.Tips.UnitTest.Adapter, Version=9.0.0.0, Culture=neutral, PublicKeyToken=b03f5f7f11d50a3a" className="MIS2010Group1TestProject.DemeritsTest, MIS2010Group1TestProject" name="ADtoDemeritListTest" />
    </UnitTest>
    <UnitTest name="GetCommentsTest" storage="g:\mis2010group1 everything\mis2010group1project\mis2010group1testproject\bin\debug\mis2010group1testproject.dll" id="5a3eb2ec-6880-570c-f73e-2800fc1137c2">
      <Css projectStructure="" iteration="" />
      <Owners>
        <Owner name="" />
      </Owners>
      <Execution id="02ea63af-b33f-4ced-a71d-1156613ca4d1" />
      <TestMethod codeBase="G:\MIS2010Group1 Everything\MIS2010Group1Project\MIS2010Group1TestProject\bin\Debug\MIS2010Group1TestProject.dll" adapterTypeName="Microsoft.VisualStudio.TestTools.TestTypes.Unit.UnitTestAdapter, Microsoft.VisualStudio.QualityTools.Tips.UnitTest.Adapter, Version=9.0.0.0, Culture=neutral, PublicKeyToken=b03f5f7f11d50a3a" className="MIS2010Group1TestProject.CommentsTest, MIS2010Group1TestProject" name="GetCommentsTest" />
    </UnitTest>
    <UnitTest name="AddAssignedDemeritTest" storage="g:\mis2010group1 everything\mis2010group1project\mis2010group1testproject\bin\debug\mis2010group1testproject.dll" id="5de30e64-9c83-a106-93ef-9020a92d4009">
      <Css projectStructure="" iteration="" />
      <Owners>
        <Owner name="" />
      </Owners>
      <Execution id="079dbdb3-f1b7-412f-a304-db78b056c168" />
      <TestMethod codeBase="G:\MIS2010Group1 Everything\MIS2010Group1Project\MIS2010Group1TestProject\bin\Debug\MIS2010Group1TestProject.dll" adapterTypeName="Microsoft.VisualStudio.TestTools.TestTypes.Unit.UnitTestAdapter, Microsoft.VisualStudio.QualityTools.Tips.UnitTest.Adapter, Version=9.0.0.0, Culture=neutral, PublicKeyToken=b03f5f7f11d50a3a" className="MIS2010Group1TestProject.DemeritsTest, MIS2010Group1TestProject" name="AddAssignedDemeritTest" />
    </UnitTest>
    <UnitTest name="UserListTestMethod" storage="g:\mis2010group1 everything\mis2010group1project\mis2010group1testproject\bin\debug\mis2010group1testproject.dll" id="4b75c757-6d4b-415f-83ca-4ead3705f6ae">
      <Css projectStructure="" iteration="" />
      <Owners>
        <Owner name="" />
      </Owners>
      <Execution id="eee7928d-e67c-44c2-80fa-0acd653208cd" />
      <TestMethod codeBase="G:\MIS2010Group1 Everything\MIS2010Group1Project\MIS2010Group1TestProject\bin\Debug\MIS2010Group1TestProject.dll" adapterTypeName="Microsoft.VisualStudio.TestTools.TestTypes.Unit.UnitTestAdapter, Microsoft.VisualStudio.QualityTools.Tips.UnitTest.Adapter, Version=9.0.0.0, Culture=neutral, PublicKeyToken=b03f5f7f11d50a3a" className="MIS2010Group1TestProject.DUserUnitTest, MIS2010Group1TestProject" name="UserListTestMethod" />
    </UnitTest>
    <UnitTest name="GetDemeritInformationTest" storage="g:\mis2010group1 everything\mis2010group1project\mis2010group1testproject\bin\debug\mis2010group1testproject.dll" id="5661caba-e422-70b6-44c9-0c71c643bf89">
      <Css projectStructure="" iteration="" />
      <Owners>
        <Owner name="" />
      </Owners>
      <Execution id="291f31a2-19e7-4849-88cb-bf50c7d1372f" />
      <TestMethod codeBase="G:\MIS2010Group1 Everything\MIS2010Group1Project\MIS2010Group1TestProject\bin\Debug\MIS2010Group1TestProject.dll" adapterTypeName="Microsoft.VisualStudio.TestTools.TestTypes.Unit.UnitTestAdapter, Microsoft.VisualStudio.QualityTools.Tips.UnitTest.Adapter, Version=9.0.0.0, Culture=neutral, PublicKeyToken=b03f5f7f11d50a3a" className="MIS2010Group1TestProject.DemeritsTest, MIS2010Group1TestProject" name="GetDemeritInformationTest" />
    </UnitTest>
  </TestDefinitions>
  <TestLists>
    <TestList name="Results Not in a List" id="8c84fa94-04c1-424b-9868-57a2d4851a1d" />
    <TestList name="All Loaded Results" id="19431567-8539-422a-85d7-44ee4e166bda" />
  </TestLists>
  <TestEntries>
    <TestEntry testId="5de30e64-9c83-a106-93ef-9020a92d4009" executionId="079dbdb3-f1b7-412f-a304-db78b056c168" testListId="8c84fa94-04c1-424b-9868-57a2d4851a1d" />
    <TestEntry testId="7ffb2040-37b0-034c-f592-c49170b7e5f6" executionId="c8708dcb-6a53-48d8-b5b0-d126ed5ff86f" testListId="8c84fa94-04c1-424b-9868-57a2d4851a1d" />
    <TestEntry testId="f4015640-96d6-f607-efa6-6e523d41cc75" executionId="3a4ed00b-b7e3-44d9-a564-a7709da68048" testListId="8c84fa94-04c1-424b-9868-57a2d4851a1d" />
    <TestEntry testId="cee05554-effe-b319-ad4e-15f4137afa21" executionId="5d920751-efc3-4999-b6b0-8172ec7e8535" testListId="8c84fa94-04c1-424b-9868-57a2d4851a1d" />
    <TestEntry testId="5a3eb2ec-6880-570c-f73e-2800fc1137c2" executionId="02ea63af-b33f-4ced-a71d-1156613ca4d1" testListId="8c84fa94-04c1-424b-9868-57a2d4851a1d" />
    <TestEntry testId="5661caba-e422-70b6-44c9-0c71c643bf89" executionId="291f31a2-19e7-4849-88cb-bf50c7d1372f" testListId="8c84fa94-04c1-424b-9868-57a2d4851a1d" />
    <TestEntry testId="0592f909-c8f5-63a5-cd3a-765531dd86f2" executionId="e58ce516-19c1-47f8-89fe-5fa2a9eaaf14" testListId="8c84fa94-04c1-424b-9868-57a2d4851a1d" />
    <TestEntry testId="24d576dc-8a50-23c7-03c8-f5f73a484117" executionId="41edf1b4-017b-4e17-a054-4b15b0701fc9" testListId="8c84fa94-04c1-424b-9868-57a2d4851a1d" />
    <TestEntry testId="4b75c757-6d4b-415f-83ca-4ead3705f6ae" executionId="eee7928d-e67c-44c2-80fa-0acd653208cd" testListId="8c84fa94-04c1-424b-9868-57a2d4851a1d" />
  </TestEntries>
  <Results>
    <UnitTestResult executionId="079dbdb3-f1b7-412f-a304-db78b056c168" testId="5de30e64-9c83-a106-93ef-9020a92d4009" testName="AddAssignedDemeritTest" computerName="WATERGATE" duration="00:00:00.1291862" startTime="2010-03-09T08:50:23.0540000-05:00" endTime="2010-03-09T08:50:23.9390000-05:00" testType="13cdc9d9-ddb5-4fa4-a97d-d965ccfc6d4b" outcome="Failed" testListId="8c84fa94-04c1-424b-9868-57a2d4851a1d">
      <Output>
        <ErrorInfo>
          <Message>Test method MIS2010Group1TestProject.DemeritsTest.AddAssignedDemeritTest threw exception:  System.ArgumentException: Keyword not supported: 'integrated services'..
TestCleanup method MIS2010Group1TestProject.DemeritsTest.DemeritsTestCleanup threw exception. System.ArgumentException:  System.ArgumentException: Keyword not supported: 'integrated services'..</Message>
          <StackTrace>    at System.Data.Common.DbConnectionOptions.ParseInternal(Hashtable parsetable, String connectionString, Boolean buildChain, Hashtable synonyms, Boolean firstKey)
   at System.Data.Common.DbConnectionOptions..ctor(String connectionString, Hashtable synonyms, Boolean useOdbcRules)
   at System.Data.SqlClient.SqlConnectionString..ctor(String connectionString)
   at System.Data.SqlClient.SqlConnectionFactory.CreateConnectionOptions(String connectionString, DbConnectionOptions previous)
   at System.Data.ProviderBase.DbConnectionFactory.GetConnectionPoolGroup(String connectionString, DbConnectionPoolGroupOptions poolOptions, DbConnectionOptions&amp; userConnectionOptions)
   at System.Data.SqlClient.SqlConnection.ConnectionString_Set(String value)
   at System.Data.SqlClient.SqlConnection.set_ConnectionString(String value)
   at System.Data.SqlClient.SqlConnection..ctor(String connectionString)
   at MIS2010Group1ClassLibrary.DataServices.SetDatabaseConnection() in G:\MIS2010Group1 Everything\MIS2010Group1Project\MIS2010Group1ClassLibrary\DataServices.cs:line 20
   at MIS2010Group1ClassLibrary.Demerits.AddAssignedDemerit(Int32 teacherID, Int32 studentID, Double adWeight, String&amp; error) in G:\MIS2010Group1 Everything\MIS2010Group1Project\MIS2010Group1ClassLibrary\Demerits.cs:line 37
   at MIS2010Group1TestProject.DemeritsTest.AddAssignedDemeritTest() in G:\MIS2010Group1 Everything\MIS2010Group1Project\MIS2010Group1TestProject\DemeritsTest.cs:line 93

TestCleanup Stack Trace
    at System.Data.Common.DbConnectionOptions.ParseInternal(Hashtable parsetable, String connectionString, Boolean buildChain, Hashtable synonyms, Boolean firstKey)
   at System.Data.Common.DbConnectionOptions..ctor(String connectionString, Hashtable synonyms, Boolean useOdbcRules)
   at System.Data.SqlClient.SqlConnectionString..ctor(String connectionString)
   at System.Data.SqlClient.SqlConnectionFactory.CreateConnectionOptions(String connectionString, DbConnectionOptions previous)
   at System.Data.ProviderBase.DbConnectionFactory.GetConnectionPoolGroup(String connectionString, DbConnectionPoolGroupOptions poolOptions, DbConnectionOptions&amp; userConnectionOptions)
   at System.Data.SqlClient.SqlConnection.ConnectionString_Set(String value)
   at System.Data.SqlClient.SqlConnection.set_ConnectionString(String value)
   at System.Data.SqlClient.SqlConnection..ctor(String connectionString)
   at MIS2010Group1ClassLibrary.DataServices.SetDatabaseConnection() in G:\MIS2010Group1 Everything\MIS2010Group1Project\MIS2010Group1ClassLibrary\DataServices.cs:line 20
   at MIS2010Group1ClassLibrary.Demerits.DeleteFromDemeritList(Int32 demeritID, Int32 assignedDemeritID) in G:\MIS2010Group1 Everything\MIS2010Group1Project\MIS2010Group1ClassLibrary\Demerits.cs:line 189
   at MIS2010Group1TestProject.DemeritsTest.DemeritsTestCleanup() in G:\MIS2010Group1 Everything\MIS2010Group1Project\MIS2010Group1TestProject\DemeritsTest.cs:line 193
</StackTrace>
        </ErrorInfo>
      </Output>
    </UnitTestResult>
    <UnitTestResult executionId="c8708dcb-6a53-48d8-b5b0-d126ed5ff86f" testId="7ffb2040-37b0-034c-f592-c49170b7e5f6" testName="AddNewCommentTest" computerName="WATERGATE" duration="00:00:00.0033112" startTime="2010-03-09T08:50:23.9400000-05:00" endTime="2010-03-09T08:50:23.9470000-05:00" testType="13cdc9d9-ddb5-4fa4-a97d-d965ccfc6d4b" outcome="Failed" testListId="8c84fa94-04c1-424b-9868-57a2d4851a1d">
      <Output>
        <ErrorInfo>
          <Message>Test method MIS2010Group1TestProject.CommentsTest.AddNewCommentTest threw exception:  System.ArgumentException: Keyword not supported: 'integrated services'..</Message>
          <StackTrace>    at System.Data.Common.DbConnectionOptions.ParseInternal(Hashtable parsetable, String connectionString, Boolean buildChain, Hashtable synonyms, Boolean firstKey)
   at System.Data.Common.DbConnectionOptions..ctor(String connectionString, Hashtable synonyms, Boolean useOdbcRules)
   at System.Data.SqlClient.SqlConnectionString..ctor(String connectionString)
   at System.Data.SqlClient.SqlConnectionFactory.CreateConnectionOptions(String connectionString, DbConnectionOptions previous)
   at System.Data.ProviderBase.DbConnectionFactory.GetConnectionPoolGroup(String connectionString, DbConnectionPoolGroupOptions poolOptions, DbConnectionOptions&amp; userConnectionOptions)
   at System.Data.SqlClient.SqlConnection.ConnectionString_Set(String value)
   at System.Data.SqlClient.SqlConnection.set_ConnectionString(String value)
   at System.Data.SqlClient.SqlConnection..ctor(String connectionString)
   at MIS2010Group1ClassLibrary.DataServices.SetDatabaseConnection() in G:\MIS2010Group1 Everything\MIS2010Group1Project\MIS2010Group1ClassLibrary\DataServices.cs:line 20
   at MIS2010Group1ClassLibrary.Comments.AddNewComment(String description, Int32 assignedDemeritID, Nullable`1 commentLink, Int32 userID, String&amp; error) in G:\MIS2010Group1 Everything\MIS2010Group1Project\MIS2010Group1ClassLibrary\Comments.cs:line 17
   at MIS2010Group1TestProject.CommentsTest.AddNewCommentTest() in G:\MIS2010Group1 Everything\MIS2010Group1Project\MIS2010Group1TestProject\CommentsTest.cs:line 117
</StackTrace>
        </ErrorInfo>
      </Output>
    </UnitTestResult>
    <UnitTestResult executionId="3a4ed00b-b7e3-44d9-a564-a7709da68048" testId="f4015640-96d6-f607-efa6-6e523d41cc75" testName="ADtoDemeritListTest" computerName="WATERGATE" duration="00:00:00.0034467" startTime="2010-03-09T08:50:23.9480000-05:00" endTime="2010-03-09T08:50:23.9610000-05:00" testType="13cdc9d9-ddb5-4fa4-a97d-d965ccfc6d4b" outcome="Failed" testListId="8c84fa94-04c1-424b-9868-57a2d4851a1d">
      <Output>
        <ErrorInfo>
          <Message>Test method MIS2010Group1TestProject.DemeritsTest.ADtoDemeritListTest threw exception:  System.ArgumentException: Keyword not supported: 'integrated services'..
TestCleanup method MIS2010Group1TestProject.DemeritsTest.DemeritsTestCleanup threw exception. System.ArgumentException:  System.ArgumentException: Keyword not supported: 'integrated services'..</Message>
          <StackTrace>    at System.Data.Common.DbConnectionOptions.ParseInternal(Hashtable parsetable, String connectionString, Boolean buildChain, Hashtable synonyms, Boolean firstKey)
   at System.Data.Common.DbConnectionOptions..ctor(String connectionString, Hashtable synonyms, Boolean useOdbcRules)
   at System.Data.SqlClient.SqlConnectionString..ctor(String connectionString)
   at System.Data.SqlClient.SqlConnectionFactory.CreateConnectionOptions(String connectionString, DbConnectionOptions previous)
   at System.Data.ProviderBase.DbConnectionFactory.GetConnectionPoolGroup(String connectionString, DbConnectionPoolGroupOptions poolOptions, DbConnectionOptions&amp; userConnectionOptions)
   at System.Data.SqlClient.SqlConnection.ConnectionString_Set(String value)
   at System.Data.SqlClient.SqlConnection.set_ConnectionString(String value)
   at System.Data.SqlClient.SqlConnection..ctor(String connectionString)
   at MIS2010Group1ClassLibrary.DataServices.SetDatabaseConnection() in G:\MIS2010Group1 Everything\MIS2010Group1Project\MIS2010Group1ClassLibrary\DataServices.cs:line 20
   at MIS2010Group1ClassLibrary.Demerits.ADtoDemeritList(Int32 adID, Int32 demeritID, String&amp; error) in G:\MIS2010Group1 Everything\MIS2010Group1Project\MIS2010Group1ClassLibrary\Demerits.cs:line 70
   at MIS2010Group1TestProject.DemeritsTest.ADtoDemeritListTest() in G:\MIS2010Group1 Everything\MIS2010Group1Project\MIS2010Group1TestProject\DemeritsTest.cs:line 126

TestCleanup Stack Trace
    at System.Data.Common.DbConnectionOptions.ParseInternal(Hashtable parsetable, String connectionString, Boolean buildChain, Hashtable synonyms, Boolean firstKey)
   at System.Data.Common.DbConnectionOptions..ctor(String connectionString, Hashtable synonyms, Boolean useOdbcRules)
   at System.Data.SqlClient.SqlConnectionString..ctor(String connectionString)
   at System.Data.SqlClient.SqlConnectionFactory.CreateConnectionOptions(String connectionString, DbConnectionOptions previous)
   at System.Data.ProviderBase.DbConnectionFactory.GetConnectionPoolGroup(String connectionString, DbConnectionPoolGroupOptions poolOptions, DbConnectionOptions&amp; userConnectionOptions)
   at System.Data.SqlClient.SqlConnection.ConnectionString_Set(String value)
   at System.Data.SqlClient.SqlConnection.set_ConnectionString(String value)
   at System.Data.SqlClient.SqlConnection..ctor(String connectionString)
   at MIS2010Group1ClassLibrary.DataServices.SetDatabaseConnection() in G:\MIS2010Group1 Everything\MIS2010Group1Project\MIS2010Group1ClassLibrary\DataServices.cs:line 20
   at MIS2010Group1ClassLibrary.Demerits.DeleteFromDemeritList(Int32 demeritID, Int32 assignedDemeritID) in G:\MIS2010Group1 Everything\MIS2010Group1Project\MIS2010Group1ClassLibrary\Demerits.cs:line 189
   at MIS2010Group1TestProject.DemeritsTest.DemeritsTestCleanup() in G:\MIS2010Group1 Everything\MIS2010Group1Project\MIS2010Group1TestProject\DemeritsTest.cs:line 193
</StackTrace>
        </ErrorInfo>
      </Output>
    </UnitTestResult>
    <UnitTestResult executionId="5d920751-efc3-4999-b6b0-8172ec7e8535" testId="cee05554-effe-b319-ad4e-15f4137afa21" testName="GetAllDemeritsTest" computerName="WATERGATE" duration="00:00:00.0031143" startTime="2010-03-09T08:50:23.9610000-05:00" endTime="2010-03-09T08:50:23.9680000-05:00" testType="13cdc9d9-ddb5-4fa4-a97d-d965ccfc6d4b" outcome="Failed" testListId="8c84fa94-04c1-424b-9868-57a2d4851a1d">
      <Output>
        <ErrorInfo>
          <Message>Test method MIS2010Group1TestProject.DemeritsTest.GetAllDemeritsTest threw exception:  System.ArgumentException: Keyword not supported: 'integrated services'..
TestCleanup method MIS2010Group1TestProject.DemeritsTest.DemeritsTestCleanup threw exception. System.ArgumentException:  System.ArgumentException: Keyword not supported: 'integrated services'..</Message>
          <StackTrace>    at System.Data.Common.DbConnectionOptions.ParseInternal(Hashtable parsetable, String connectionString, Boolean buildChain, Hashtable synonyms, Boolean firstKey)
   at System.Data.Common.DbConnectionOptions..ctor(String connectionString, Hashtable synonyms, Boolean useOdbcRules)
   at System.Data.SqlClient.SqlConnectionString..ctor(String connectionString)
   at System.Data.SqlClient.SqlConnectionFactory.CreateConnectionOptions(String connectionString, DbConnectionOptions previous)
   at System.Data.ProviderBase.DbConnectionFactory.GetConnectionPoolGroup(String connectionString, DbConnectionPoolGroupOptions poolOptions, DbConnectionOptions&amp; userConnectionOptions)
   at System.Data.SqlClient.SqlConnection.ConnectionString_Set(String value)
   at System.Data.SqlClient.SqlConnection.set_ConnectionString(String value)
   at System.Data.SqlClient.SqlConnection..ctor(String connectionString)
   at MIS2010Group1ClassLibrary.DataServices.SetDatabaseConnection() in G:\MIS2010Group1 Everything\MIS2010Group1Project\MIS2010Group1ClassLibrary\DataServices.cs:line 20
   at MIS2010Group1ClassLibrary.Demerits.GetAllDemerits() in G:\MIS2010Group1 Everything\MIS2010Group1Project\MIS2010Group1ClassLibrary\Demerits.cs:line 16
   at MIS2010Group1TestProject.DemeritsTest.GetAllDemeritsTest() in G:\MIS2010Group1 Everything\MIS2010Group1Project\MIS2010Group1TestProject\DemeritsTest.cs:line 75

TestCleanup Stack Trace
    at System.Data.Common.DbConnectionOptions.ParseInternal(Hashtable parsetable, String connectionString, Boolean buildChain, Hashtable synonyms, Boolean firstKey)
   at System.Data.Common.DbConnectionOptions..ctor(String connectionString, Hashtable synonyms, Boolean useOdbcRules)
   at System.Data.SqlClient.SqlConnectionString..ctor(String connectionString)
   at System.Data.SqlClient.SqlConnectionFactory.CreateConnectionOptions(String connectionString, DbConnectionOptions previous)
   at System.Data.ProviderBase.DbConnectionFactory.GetConnectionPoolGroup(String connectionString, DbConnectionPoolGroupOptions poolOptions, DbConnectionOptions&amp; userConnectionOptions)
   at System.Data.SqlClient.SqlConnection.ConnectionString_Set(String value)
   at System.Data.SqlClient.SqlConnection.set_ConnectionString(String value)
   at System.Data.SqlClient.SqlConnection..ctor(String connectionString)
   at MIS2010Group1ClassLibrary.DataServices.SetDatabaseConnection() in G:\MIS2010Group1 Everything\MIS2010Group1Project\MIS2010Group1ClassLibrary\DataServices.cs:line 20
   at MIS2010Group1ClassLibrary.Demerits.DeleteFromDemeritList(Int32 demeritID, Int32 assignedDemeritID) in G:\MIS2010Group1 Everything\MIS2010Group1Project\MIS2010Group1ClassLibrary\Demerits.cs:line 189
   at MIS2010Group1TestProject.DemeritsTest.DemeritsTestCleanup() in G:\MIS2010Group1 Everything\MIS2010Group1Project\MIS2010Group1TestProject\DemeritsTest.cs:line 193
</StackTrace>
        </ErrorInfo>
      </Output>
    </UnitTestResult>
    <UnitTestResult executionId="02ea63af-b33f-4ced-a71d-1156613ca4d1" testId="5a3eb2ec-6880-570c-f73e-2800fc1137c2" testName="GetCommentsTest" computerName="WATERGATE" duration="00:00:00.0022924" startTime="2010-03-09T08:50:23.9690000-05:00" endTime="2010-03-09T08:50:23.9730000-05:00" testType="13cdc9d9-ddb5-4fa4-a97d-d965ccfc6d4b" outcome="Failed" testListId="8c84fa94-04c1-424b-9868-57a2d4851a1d">
      <Output>
        <ErrorInfo>
          <Message>Test method MIS2010Group1TestProject.CommentsTest.GetCommentsTest threw exception:  System.ArgumentException: Keyword not supported: 'integrated services'..</Message>
          <StackTrace>    at System.Data.Common.DbConnectionOptions.ParseInternal(Hashtable parsetable, String connectionString, Boolean buildChain, Hashtable synonyms, Boolean firstKey)
   at System.Data.Common.DbConnectionOptions..ctor(String connectionString, Hashtable synonyms, Boolean useOdbcRules)
   at System.Data.SqlClient.SqlConnectionString..ctor(String connectionString)
   at System.Data.SqlClient.SqlConnectionFactory.CreateConnectionOptions(String connectionString, DbConnectionOptions previous)
   at System.Data.ProviderBase.DbConnectionFactory.GetConnectionPoolGroup(String connectionString, DbConnectionPoolGroupOptions poolOptions, DbConnectionOptions&amp; userConnectionOptions)
   at System.Data.SqlClient.SqlConnection.ConnectionString_Set(String value)
   at System.Data.SqlClient.SqlConnection.set_ConnectionString(String value)
   at System.Data.SqlClient.SqlConnection..ctor(String connectionString)
   at MIS2010Group1ClassLibrary.DataServices.SetDatabaseConnection() in G:\MIS2010Group1 Everything\MIS2010Group1Project\MIS2010Group1ClassLibrary\DataServices.cs:line 20
   at MIS2010Group1ClassLibrary.Comments.GetComments(Nullable`1 adID, Nullable`1 userID) in G:\MIS2010Group1 Everything\MIS2010Group1Project\MIS2010Group1ClassLibrary\Comments.cs:line 49
   at MIS2010Group1TestProject.CommentsTest.GetCommentsTest() in G:\MIS2010Group1 Everything\MIS2010Group1Project\MIS2010Group1TestProject\CommentsTest.cs:line 78
</StackTrace>
        </ErrorInfo>
      </Output>
    </UnitTestResult>
    <UnitTestResult executionId="291f31a2-19e7-4849-88cb-bf50c7d1372f" testId="5661caba-e422-70b6-44c9-0c71c643bf89" testName="GetDemeritInformationTest" computerName="WATERGATE" duration="00:00:00.0026417" startTime="2010-03-09T08:50:23.9740000-05:00" endTime="2010-03-09T08:50:23.9790000-05:00" testType="13cdc9d9-ddb5-4fa4-a97d-d965ccfc6d4b" outcome="Failed" testListId="8c84fa94-04c1-424b-9868-57a2d4851a1d">
      <Output>
        <ErrorInfo>
          <Message>Test method MIS2010Group1TestProject.DemeritsTest.GetDemeritInformationTest threw exception:  System.ArgumentException: Keyword not supported: 'integrated services'..
TestCleanup method MIS2010Group1TestProject.DemeritsTest.DemeritsTestCleanup threw exception. System.ArgumentException:  System.ArgumentException: Keyword not supported: 'integrated services'..</Message>
          <StackTrace>    at System.Data.Common.DbConnectionOptions.ParseInternal(Hashtable parsetable, String connectionString, Boolean buildChain, Hashtable synonyms, Boolean firstKey)
   at System.Data.Common.DbConnectionOptions..ctor(String connectionString, Hashtable synonyms, Boolean useOdbcRules)
   at System.Data.SqlClient.SqlConnectionString..ctor(String connectionString)
   at System.Data.SqlClient.SqlConnectionFactory.CreateConnectionOptions(String connectionString, DbConnectionOptions previous)
   at System.Data.ProviderBase.DbConnectionFactory.GetConnectionPoolGroup(String connectionString, DbConnectionPoolGroupOptions poolOptions, DbConnectionOptions&amp; userConnectionOptions)
   at System.Data.SqlClient.SqlConnection.ConnectionString_Set(String value)
   at System.Data.SqlClient.SqlConnection.set_ConnectionString(String value)
   at System.Data.SqlClient.SqlConnection..ctor(String connectionString)
   at MIS2010Group1ClassLibrary.DataServices.SetDatabaseConnection() in G:\MIS2010Group1 Everything\MIS2010Group1Project\MIS2010Group1ClassLibrary\DataServices.cs:line 20
   at MIS2010Group1ClassLibrary.Demerits.GetDemeritInformation(Int32 demeritID) in G:\MIS2010Group1 Everything\MIS2010Group1Project\MIS2010Group1ClassLibrary\Demerits.cs:line 99
   at MIS2010Group1TestProject.DemeritsTest.GetDemeritInformationTest() in G:\MIS2010Group1 Everything\MIS2010Group1Project\MIS2010Group1TestProject\DemeritsTest.cs:line 157

TestCleanup Stack Trace
    at System.Data.Common.DbConnectionOptions.ParseInternal(Hashtable parsetable, String connectionString, Boolean buildChain, Hashtable synonyms, Boolean firstKey)
   at System.Data.Common.DbConnectionOptions..ctor(String connectionString, Hashtable synonyms, Boolean useOdbcRules)
   at System.Data.SqlClient.SqlConnectionString..ctor(String connectionString)
   at System.Data.SqlClient.SqlConnectionFactory.CreateConnectionOptions(String connectionString, DbConnectionOptions previous)
   at System.Data.ProviderBase.DbConnectionFactory.GetConnectionPoolGroup(String connectionString, DbConnectionPoolGroupOptions poolOptions, DbConnectionOptions&amp; userConnectionOptions)
   at System.Data.SqlClient.SqlConnection.ConnectionString_Set(String value)
   at System.Data.SqlClient.SqlConnection.set_ConnectionString(String value)
   at System.Data.SqlClient.SqlConnection..ctor(String connectionString)
   at MIS2010Group1ClassLibrary.DataServices.SetDatabaseConnection() in G:\MIS2010Group1 Everything\MIS2010Group1Project\MIS2010Group1ClassLibrary\DataServices.cs:line 20
   at MIS2010Group1ClassLibrary.Demerits.DeleteFromDemeritList(Int32 demeritID, Int32 assignedDemeritID) in G:\MIS2010Group1 Everything\MIS2010Group1Project\MIS2010Group1ClassLibrary\Demerits.cs:line 189
   at MIS2010Group1TestProject.DemeritsTest.DemeritsTestCleanup() in G:\MIS2010Group1 Everything\MIS2010Group1Project\MIS2010Group1TestProject\DemeritsTest.cs:line 193
</StackTrace>
        </ErrorInfo>
      </Output>
    </UnitTestResult>
    <UnitTestResult executionId="e58ce516-19c1-47f8-89fe-5fa2a9eaaf14" testId="0592f909-c8f5-63a5-cd3a-765531dd86f2" testName="GetStudentDemeritListTest" computerName="WATERGATE" duration="00:00:00.0024842" startTime="2010-03-09T08:50:23.9790000-05:00" endTime="2010-03-09T08:50:23.9840000-05:00" testType="13cdc9d9-ddb5-4fa4-a97d-d965ccfc6d4b" outcome="Failed" testListId="8c84fa94-04c1-424b-9868-57a2d4851a1d">
      <Output>
        <ErrorInfo>
          <Message>Test method MIS2010Group1TestProject.DemeritsTest.GetStudentDemeritListTest threw exception:  System.ArgumentException: Keyword not supported: 'integrated services'..
TestCleanup method MIS2010Group1TestProject.DemeritsTest.DemeritsTestCleanup threw exception. System.ArgumentException:  System.ArgumentException: Keyword not supported: 'integrated services'..</Message>
          <StackTrace>    at System.Data.Common.DbConnectionOptions.ParseInternal(Hashtable parsetable, String connectionString, Boolean buildChain, Hashtable synonyms, Boolean firstKey)
   at System.Data.Common.DbConnectionOptions..ctor(String connectionString, Hashtable synonyms, Boolean useOdbcRules)
   at System.Data.SqlClient.SqlConnectionString..ctor(String connectionString)
   at System.Data.SqlClient.SqlConnectionFactory.CreateConnectionOptions(String connectionString, DbConnectionOptions previous)
   at System.Data.ProviderBase.DbConnectionFactory.GetConnectionPoolGroup(String connectionString, DbConnectionPoolGroupOptions poolOptions, DbConnectionOptions&amp; userConnectionOptions)
   at System.Data.SqlClient.SqlConnection.ConnectionString_Set(String value)
   at System.Data.SqlClient.SqlConnection.set_ConnectionString(String value)
   at System.Data.SqlClient.SqlConnection..ctor(String connectionString)
   at MIS2010Group1ClassLibrary.DataServices.SetDatabaseConnection() in G:\MIS2010Group1 Everything\MIS2010Group1Project\MIS2010Group1ClassLibrary\DataServices.cs:line 20
   at MIS2010Group1ClassLibrary.Demerits.GetStudentDemeritList(Nullable`1 userID) in G:\MIS2010Group1 Everything\MIS2010Group1Project\MIS2010Group1ClassLibrary\Demerits.cs:line 118
   at MIS2010Group1TestProject.DemeritsTest.GetStudentDemeritListTest() in G:\MIS2010Group1 Everything\MIS2010Group1Project\MIS2010Group1TestProject\DemeritsTest.cs:line 177

TestCleanup Stack Trace
    at System.Data.Common.DbConnectionOptions.ParseInternal(Hashtable parsetable, String connectionString, Boolean buildChain, Hashtable synonyms, Boolean firstKey)
   at System.Data.Common.DbConnectionOptions..ctor(String connectionString, Hashtable synonyms, Boolean useOdbcRules)
   at System.Data.SqlClient.SqlConnectionString..ctor(String connectionString)
   at System.Data.SqlClient.SqlConnectionFactory.CreateConnectionOptions(String connectionString, DbConnectionOptions previous)
   at System.Data.ProviderBase.DbConnectionFactory.GetConnectionPoolGroup(String connectionString, DbConnectionPoolGroupOptions poolOptions, DbConnectionOptions&amp; userConnectionOptions)
   at System.Data.SqlClient.SqlConnection.ConnectionString_Set(String value)
   at System.Data.SqlClient.SqlConnection.set_ConnectionString(String value)
   at System.Data.SqlClient.SqlConnection..ctor(String connectionString)
   at MIS2010Group1ClassLibrary.DataServices.SetDatabaseConnection() in G:\MIS2010Group1 Everything\MIS2010Group1Project\MIS2010Group1ClassLibrary\DataServices.cs:line 20
   at MIS2010Group1ClassLibrary.Demerits.DeleteFromDemeritList(Int32 demeritID, Int32 assignedDemeritID) in G:\MIS2010Group1 Everything\MIS2010Group1Project\MIS2010Group1ClassLibrary\Demerits.cs:line 189
   at MIS2010Group1TestProject.DemeritsTest.DemeritsTestCleanup() in G:\MIS2010Group1 Everything\MIS2010Group1Project\MIS2010Group1TestProject\DemeritsTest.cs:line 193
</StackTrace>
        </ErrorInfo>
      </Output>
    </UnitTestResult>
    <UnitTestResult executionId="41edf1b4-017b-4e17-a054-4b15b0701fc9" testId="24d576dc-8a50-23c7-03c8-f5f73a484117" testName="GetStudentDetentionsTest" computerName="WATERGATE" duration="00:00:00.0040788" startTime="2010-03-09T08:50:23.9840000-05:00" endTime="2010-03-09T08:50:23.9910000-05:00" testType="13cdc9d9-ddb5-4fa4-a97d-d965ccfc6d4b" outcome="Failed" testListId="8c84fa94-04c1-424b-9868-57a2d4851a1d">
      <Output>
        <ErrorInfo>
          <Message>Test method MIS2010Group1TestProject.DetentionTest.GetStudentDetentionsTest threw exception:  System.ArgumentException: Keyword not supported: 'integrated services'..</Message>
          <StackTrace>    at System.Data.Common.DbConnectionOptions.ParseInternal(Hashtable parsetable, String connectionString, Boolean buildChain, Hashtable synonyms, Boolean firstKey)
   at System.Data.Common.DbConnectionOptions..ctor(String connectionString, Hashtable synonyms, Boolean useOdbcRules)
   at System.Data.SqlClient.SqlConnectionString..ctor(String connectionString)
   at System.Data.SqlClient.SqlConnectionFactory.CreateConnectionOptions(String connectionString, DbConnectionOptions previous)
   at System.Data.ProviderBase.DbConnectionFactory.GetConnectionPoolGroup(String connectionString, DbConnectionPoolGroupOptions poolOptions, DbConnectionOptions&amp; userConnectionOptions)
   at System.Data.SqlClient.SqlConnection.ConnectionString_Set(String value)
   at System.Data.SqlClient.SqlConnection.set_ConnectionString(String value)
   at System.Data.SqlClient.SqlConnection..ctor(String connectionString)
   at MIS2010Group1ClassLibrary.DataServices.SetDatabaseConnection() in G:\MIS2010Group1 Everything\MIS2010Group1Project\MIS2010Group1ClassLibrary\DataServices.cs:line 20
   at MIS2010Group1ClassLibrary.Detention.GetStudentDetentions(Nullable`1 studentID, Boolean servedStatus) in G:\MIS2010Group1 Everything\MIS2010Group1Project\MIS2010Group1ClassLibrary\Detention.cs:line 15
   at MIS2010Group1TestProject.DetentionTest.GetStudentDetentionsTest() in G:\MIS2010Group1 Everything\MIS2010Group1Project\MIS2010Group1TestProject\DetentionTest.cs:line 79
</StackTrace>
        </ErrorInfo>
      </Output>
    </UnitTestResult>
    <UnitTestResult executionId="eee7928d-e67c-44c2-80fa-0acd653208cd" testId="4b75c757-6d4b-415f-83ca-4ead3705f6ae" testName="UserListTestMethod" computerName="WATERGATE" duration="00:00:00.0026917" startTime="2010-03-09T08:50:23.9930000-05:00" endTime="2010-03-09T08:50:23.9980000-05:00" testType="13cdc9d9-ddb5-4fa4-a97d-d965ccfc6d4b" outcome="Failed" testListId="8c84fa94-04c1-424b-9868-57a2d4851a1d">
      <Output>
        <ErrorInfo>
          <Message>Test method MIS2010Group1TestProject.DUserUnitTest.UserListTestMethod threw exception:  System.ArgumentException: Keyword not supported: 'integrated services'..</Message>
          <StackTrace>    at System.Data.Common.DbConnectionOptions.ParseInternal(Hashtable parsetable, String connectionString, Boolean buildChain, Hashtable synonyms, Boolean firstKey)
   at System.Data.Common.DbConnectionOptions..ctor(String connectionString, Hashtable synonyms, Boolean useOdbcRules)
   at System.Data.SqlClient.SqlConnectionString..ctor(String connectionString)
   at System.Data.SqlClient.SqlConnectionFactory.CreateConnectionOptions(String connectionString, DbConnectionOptions previous)
   at System.Data.ProviderBase.DbConnectionFactory.GetConnectionPoolGroup(String connectionString, DbConnectionPoolGroupOptions poolOptions, DbConnectionOptions&amp; userConnectionOptions)
   at System.Data.SqlClient.SqlConnection.ConnectionString_Set(String value)
   at System.Data.SqlClient.SqlConnection.set_ConnectionString(String value)
   at System.Data.SqlClient.SqlConnection..ctor(String connectionString)
   at MIS2010Group1ClassLibrary.DataServices.SetDatabaseConnection() in G:\MIS2010Group1 Everything\MIS2010Group1Project\MIS2010Group1ClassLibrary\DataServices.cs:line 20
   at MIS2010Group1ClassLibrary.DUser.GetUserList(String role) in G:\MIS2010Group1 Everything\MIS2010Group1Project\MIS2010Group1ClassLibrary\DUser.cs:line 15
   at MIS2010Group1TestProject.DUserUnitTest.UserListTestMethod() in G:\MIS2010Group1 Everything\MIS2010Group1Project\MIS2010Group1TestProject\DUserUnitTest.cs:line 70
</StackTrace>
        </ErrorInfo>
      </Output>
    </UnitTestResult>
  </Results>
</TestRun>