<?xml version="1.0" encoding="UTF-8"?>
<TestRun id="317314a0-7666-4c73-b20e-335571682428" name="Neo@WATERGATE 2010-03-09 08:50:40" runUser="Watergate\Neo" xmlns="http://microsoft.com/schemas/VisualStudio/TeamTest/2006">
  <TestRunConfiguration name="Local Test Run" id="61bb3e6c-d965-4f07-9e9f-a894856af876">
    <Description>This is a default test run configuration for a local test run.</Description>
    <Deployment runDeploymentRoot="G:\MIS2010Group1 Everything\MIS2010Group1Project\TestResults\Neo_WATERGATE 2010-03-09 08_50_40">
      <DeploymentItem filename="G:\MIS2010Group1 Everything\MIS2010Group1Project\MIS2010Group1ClassLibrary\bin\Debug\MIS2010Group1ClassLibrary.dll" />
    </Deployment>
    <TestTypeSpecific />
  </TestRunConfiguration>
  <ResultSummary outcome="Failed">
    <Counters total="9" executed="9" passed="8" error="0" failed="1" timeout="0" aborted="0" inconclusive="0" passedButRunAborted="0" notRunnable="0" notExecuted="0" disconnected="0" warning="0" completed="0" inProgress="0" pending="0" />
  </ResultSummary>
  <Times creation="2010-03-09T08:50:40.2020000-05:00" queuing="2010-03-09T08:50:41.5890000-05:00" start="2010-03-09T08:50:41.6200000-05:00" finish="2010-03-09T08:50:44.8310000-05:00" />
  <TestDefinitions>
    <UnitTest name="AddNewCommentTest" storage="g:\mis2010group1 everything\mis2010group1project\mis2010group1testproject\bin\debug\mis2010group1testproject.dll" id="7ffb2040-37b0-034c-f592-c49170b7e5f6">
      <Css projectStructure="" iteration="" />
      <Owners>
        <Owner name="" />
      </Owners>
      <Execution id="03374e1f-97cd-48e0-8731-ccceb5440de4" />
      <TestMethod codeBase="G:\MIS2010Group1 Everything\MIS2010Group1Project\MIS2010Group1TestProject\bin\Debug\MIS2010Group1TestProject.dll" adapterTypeName="Microsoft.VisualStudio.TestTools.TestTypes.Unit.UnitTestAdapter, Microsoft.VisualStudio.QualityTools.Tips.UnitTest.Adapter, Version=9.0.0.0, Culture=neutral, PublicKeyToken=b03f5f7f11d50a3a" className="MIS2010Group1TestProject.CommentsTest, MIS2010Group1TestProject" name="AddNewCommentTest" />
    </UnitTest>
    <UnitTest name="GetStudentDemeritListTest" storage="g:\mis2010group1 everything\mis2010group1project\mis2010group1testproject\bin\debug\mis2010group1testproject.dll" id="0592f909-c8f5-63a5-cd3a-765531dd86f2">
      <Css projectStructure="" iteration="" />
      <Owners>
        <Owner name="" />
      </Owners>
      <Execution id="e1de3db5-7188-48e1-9c58-4ba7f1603fdd" />
      <TestMethod codeBase="G:\MIS2010Group1 Everything\MIS2010Group1Project\MIS2010Group1TestProject\bin\Debug\MIS2010Group1TestProject.dll" adapterTypeName="Microsoft.VisualStudio.TestTools.TestTypes.Unit.UnitTestAdapter, Microsoft.VisualStudio.QualityTools.Tips.UnitTest.Adapter, Version=9.0.0.0, Culture=neutral, PublicKeyToken=b03f5f7f11d50a3a" className="MIS2010Group1TestProject.DemeritsTest, MIS2010Group1TestProject" name="GetStudentDemeritListTest" />
    </UnitTest>
    <UnitTest name="GetAllDemeritsTest" storage="g:\mis2010group1 everything\mis2010group1project\mis2010group1testproject\bin\debug\mis2010group1testproject.dll" id="cee05554-effe-b319-ad4e-15f4137afa21">
      <Css projectStructure="" iteration="" />
      <Owners>
        <Owner name="" />
      </Owners>
      <Execution id="4ef5bd6a-7647-4147-96f1-aa468b662e22" />
      <TestMethod codeBase="G:\MIS2010Group1 Everything\MIS2010Group1Project\MIS2010Group1TestProject\bin\Debug\MIS2010Group1TestProject.dll" adapterTypeName="Microsoft.VisualStudio.TestTools.TestTypes.Unit.UnitTestAdapter, Microsoft.VisualStudio.QualityTools.Tips.UnitTest.Adapter, Version=9.0.0.0, Culture=neutral, PublicKeyToken=b03f5f7f11d50a3a" className="MIS2010Group1TestProject.DemeritsTest, MIS2010Group1TestProject" name="GetAllDemeritsTest" />
    </UnitTest>
    <UnitTest name="GetStudentDetentionsTest" storage="g:\mis2010group1 everything\mis2010group1project\mis2010group1testproject\bin\debug\mis2010group1testproject.dll" id="24d576dc-8a50-23c7-03c8-f5f73a484117">
      <Css projectStructure="" iteration="" />
      <Owners>
        <Owner name="" />
      </Owners>
      <Execution id="7ccd3a2f-2115-4f83-9d2e-5f86cf90aeec" />
      <TestMethod codeBase="G:\MIS2010Group1 Everything\MIS2010Group1Project\MIS2010Group1TestProject\bin\Debug\MIS2010Group1TestProject.dll" adapterTypeName="Microsoft.VisualStudio.TestTools.TestTypes.Unit.UnitTestAdapter, Microsoft.VisualStudio.QualityTools.Tips.UnitTest.Adapter, Version=9.0.0.0, Culture=neutral, PublicKeyToken=b03f5f7f11d50a3a" className="MIS2010Group1TestProject.DetentionTest, MIS2010Group1TestProject" name="GetStudentDetentionsTest" />
    </UnitTest>
    <UnitTest name="ADtoDemeritListTest" storage="g:\mis2010group1 everything\mis2010group1project\mis2010group1testproject\bin\debug\mis2010group1testproject.dll" id="f4015640-96d6-f607-efa6-6e523d41cc75">
      <Css projectStructure="" iteration="" />
      <Owners>
        <Owner name="" />
      </Owners>
      <Execution id="14c4578c-a7c7-4c7d-983a-502910ff928a" />
      <TestMethod codeBase="G:\MIS2010Group1 Everything\MIS2010Group1Project\MIS2010Group1TestProject\bin\Debug\MIS2010Group1TestProject.dll" adapterTypeName="Microsoft.VisualStudio.TestTools.TestTypes.Unit.UnitTestAdapter, Microsoft.VisualStudio.QualityTools.Tips.UnitTest.Adapter, Version=9.0.0.0, Culture=neutral, PublicKeyToken=b03f5f7f11d50a3a" className="MIS2010Group1TestProject.DemeritsTest, MIS2010Group1TestProject" name="ADtoDemeritListTest" />
    </UnitTest>
    <UnitTest name="GetCommentsTest" storage="g:\mis2010group1 everything\mis2010group1project\mis2010group1testproject\bin\debug\mis2010group1testproject.dll" id="5a3eb2ec-6880-570c-f73e-2800fc1137c2">
      <Css projectStructure="" iteration="" />
      <Owners>
        <Owner name="" />
      </Owners>
      <Execution id="03a8c345-f75f-4397-b506-8ab8f923d3f9" />
      <TestMethod codeBase="G:\MIS2010Group1 Everything\MIS2010Group1Project\MIS2010Group1TestProject\bin\Debug\MIS2010Group1TestProject.dll" adapterTypeName="Microsoft.VisualStudio.TestTools.TestTypes.Unit.UnitTestAdapter, Microsoft.VisualStudio.QualityTools.Tips.UnitTest.Adapter, Version=9.0.0.0, Culture=neutral, PublicKeyToken=b03f5f7f11d50a3a" className="MIS2010Group1TestProject.CommentsTest, MIS2010Group1TestProject" name="GetCommentsTest" />
    </UnitTest>
    <UnitTest name="AddAssignedDemeritTest" storage="g:\mis2010group1 everything\mis2010group1project\mis2010group1testproject\bin\debug\mis2010group1testproject.dll" id="5de30e64-9c83-a106-93ef-9020a92d4009">
      <Css projectStructure="" iteration="" />
      <Owners>
        <Owner name="" />
      </Owners>
      <Execution id="349a0cae-f28e-46ad-9714-00820fd15931" />
      <TestMethod codeBase="G:\MIS2010Group1 Everything\MIS2010Group1Project\MIS2010Group1TestProject\bin\Debug\MIS2010Group1TestProject.dll" adapterTypeName="Microsoft.VisualStudio.TestTools.TestTypes.Unit.UnitTestAdapter, Microsoft.VisualStudio.QualityTools.Tips.UnitTest.Adapter, Version=9.0.0.0, Culture=neutral, PublicKeyToken=b03f5f7f11d50a3a" className="MIS2010Group1TestProject.DemeritsTest, MIS2010Group1TestProject" name="AddAssignedDemeritTest" />
    </UnitTest>
    <UnitTest name="UserListTestMethod" storage="g:\mis2010group1 everything\mis2010group1project\mis2010group1testproject\bin\debug\mis2010group1testproject.dll" id="4b75c757-6d4b-415f-83ca-4ead3705f6ae">
      <Css projectStructure="" iteration="" />
      <Owners>
        <Owner name="" />
      </Owners>
      <Execution id="329a5d78-32eb-41ae-9eb2-3147bc29ec28" />
      <TestMethod codeBase="G:\MIS2010Group1 Everything\MIS2010Group1Project\MIS2010Group1TestProject\bin\Debug\MIS2010Group1TestProject.dll" adapterTypeName="Microsoft.VisualStudio.TestTools.TestTypes.Unit.UnitTestAdapter, Microsoft.VisualStudio.QualityTools.Tips.UnitTest.Adapter, Version=9.0.0.0, Culture=neutral, PublicKeyToken=b03f5f7f11d50a3a" className="MIS2010Group1TestProject.DUserUnitTest, MIS2010Group1TestProject" name="UserListTestMethod" />
    </UnitTest>
    <UnitTest name="GetDemeritInformationTest" storage="g:\mis2010group1 everything\mis2010group1project\mis2010group1testproject\bin\debug\mis2010group1testproject.dll" id="5661caba-e422-70b6-44c9-0c71c643bf89">
      <Css projectStructure="" iteration="" />
      <Owners>
        <Owner name="" />
      </Owners>
      <Execution id="04a6dd3d-809c-463b-ad92-0ca2e1965f5c" />
      <TestMethod codeBase="G:\MIS2010Group1 Everything\MIS2010Group1Project\MIS2010Group1TestProject\bin\Debug\MIS2010Group1TestProject.dll" adapterTypeName="Microsoft.VisualStudio.TestTools.TestTypes.Unit.UnitTestAdapter, Microsoft.VisualStudio.QualityTools.Tips.UnitTest.Adapter, Version=9.0.0.0, Culture=neutral, PublicKeyToken=b03f5f7f11d50a3a" className="MIS2010Group1TestProject.DemeritsTest, MIS2010Group1TestProject" name="GetDemeritInformationTest" />
    </UnitTest>
  </TestDefinitions>
  <TestLists>
    <TestList name="Results Not in a List" id="8c84fa94-04c1-424b-9868-57a2d4851a1d" />
    <TestList name="All Loaded Results" id="19431567-8539-422a-85d7-44ee4e166bda" />
  </TestLists>
  <TestEntries>
    <TestEntry testId="5de30e64-9c83-a106-93ef-9020a92d4009" executionId="349a0cae-f28e-46ad-9714-00820fd15931" testListId="8c84fa94-04c1-424b-9868-57a2d4851a1d" />
    <TestEntry testId="7ffb2040-37b0-034c-f592-c49170b7e5f6" executionId="03374e1f-97cd-48e0-8731-ccceb5440de4" testListId="8c84fa94-04c1-424b-9868-57a2d4851a1d" />
    <TestEntry testId="f4015640-96d6-f607-efa6-6e523d41cc75" executionId="14c4578c-a7c7-4c7d-983a-502910ff928a" testListId="8c84fa94-04c1-424b-9868-57a2d4851a1d" />
    <TestEntry testId="cee05554-effe-b319-ad4e-15f4137afa21" executionId="4ef5bd6a-7647-4147-96f1-aa468b662e22" testListId="8c84fa94-04c1-424b-9868-57a2d4851a1d" />
    <TestEntry testId="5a3eb2ec-6880-570c-f73e-2800fc1137c2" executionId="03a8c345-f75f-4397-b506-8ab8f923d3f9" testListId="8c84fa94-04c1-424b-9868-57a2d4851a1d" />
    <TestEntry testId="5661caba-e422-70b6-44c9-0c71c643bf89" executionId="04a6dd3d-809c-463b-ad92-0ca2e1965f5c" testListId="8c84fa94-04c1-424b-9868-57a2d4851a1d" />
    <TestEntry testId="0592f909-c8f5-63a5-cd3a-765531dd86f2" executionId="e1de3db5-7188-48e1-9c58-4ba7f1603fdd" testListId="8c84fa94-04c1-424b-9868-57a2d4851a1d" />
    <TestEntry testId="24d576dc-8a50-23c7-03c8-f5f73a484117" executionId="7ccd3a2f-2115-4f83-9d2e-5f86cf90aeec" testListId="8c84fa94-04c1-424b-9868-57a2d4851a1d" />
    <TestEntry testId="4b75c757-6d4b-415f-83ca-4ead3705f6ae" executionId="329a5d78-32eb-41ae-9eb2-3147bc29ec28" testListId="8c84fa94-04c1-424b-9868-57a2d4851a1d" />
  </TestEntries>
  <Results>
    <UnitTestResult executionId="349a0cae-f28e-46ad-9714-00820fd15931" testId="5de30e64-9c83-a106-93ef-9020a92d4009" testName="AddAssignedDemeritTest" computerName="WATERGATE" duration="00:00:02.0117532" startTime="2010-03-09T08:50:41.6220000-05:00" endTime="2010-03-09T08:50:44.3390000-05:00" testType="13cdc9d9-ddb5-4fa4-a97d-d965ccfc6d4b" outcome="Passed" testListId="8c84fa94-04c1-424b-9868-57a2d4851a1d">
      <Output>
      </Output>
    </UnitTestResult>
    <UnitTestResult executionId="03374e1f-97cd-48e0-8731-ccceb5440de4" testId="7ffb2040-37b0-034c-f592-c49170b7e5f6" testName="AddNewCommentTest" computerName="WATERGATE" duration="00:00:00.1509252" startTime="2010-03-09T08:50:44.3390000-05:00" endTime="2010-03-09T08:50:44.4930000-05:00" testType="13cdc9d9-ddb5-4fa4-a97d-d965ccfc6d4b" outcome="Passed" testListId="8c84fa94-04c1-424b-9868-57a2d4851a1d">
      <Output>
      </Output>
    </UnitTestResult>
    <UnitTestResult executionId="14c4578c-a7c7-4c7d-983a-502910ff928a" testId="f4015640-96d6-f607-efa6-6e523d41cc75" testName="ADtoDemeritListTest" computerName="WATERGATE" duration="00:00:00.0481857" startTime="2010-03-09T08:50:44.4940000-05:00" endTime="2010-03-09T08:50:44.5450000-05:00" testType="13cdc9d9-ddb5-4fa4-a97d-d965ccfc6d4b" outcome="Failed" testListId="8c84fa94-04c1-424b-9868-57a2d4851a1d">
      <Output>
        <ErrorInfo>
          <Message>Assert.AreEqual failed. Expected:&lt;Foreign key violation: Demerit does not exist.&gt;. Actual:&lt;Foreign key violation: Demerit does not exist&gt;. Demerit Error did not happen, but was supposed to...</Message>
          <StackTrace>   at MIS2010Group1TestProject.DemeritsTest.ADtoDemeritListTest() in G:\MIS2010Group1 Everything\MIS2010Group1Project\MIS2010Group1TestProject\DemeritsTest.cs:line 144
</StackTrace>
        </ErrorInfo>
      </Output>
    </UnitTestResult>
    <UnitTestResult executionId="4ef5bd6a-7647-4147-96f1-aa468b662e22" testId="cee05554-effe-b319-ad4e-15f4137afa21" testName="GetAllDemeritsTest" computerName="WATERGATE" duration="00:00:00.0474000" startTime="2010-03-09T08:50:44.5450000-05:00" endTime="2010-03-09T08:50:44.5960000-05:00" testType="13cdc9d9-ddb5-4fa4-a97d-d965ccfc6d4b" outcome="Passed" testListId="8c84fa94-04c1-424b-9868-57a2d4851a1d">
      <Output>
      </Output>
    </UnitTestResult>
    <UnitTestResult executionId="03a8c345-f75f-4397-b506-8ab8f923d3f9" testId="5a3eb2ec-6880-570c-f73e-2800fc1137c2" testName="GetCommentsTest" computerName="WATERGATE" duration="00:00:00.0306704" startTime="2010-03-09T08:50:44.5970000-05:00" endTime="2010-03-09T08:50:44.6310000-05:00" testType="13cdc9d9-ddb5-4fa4-a97d-d965ccfc6d4b" outcome="Passed" testListId="8c84fa94-04c1-424b-9868-57a2d4851a1d">
      <Output>
      </Output>
    </UnitTestResult>
    <UnitTestResult executionId="04a6dd3d-809c-463b-ad92-0ca2e1965f5c" testId="5661caba-e422-70b6-44c9-0c71c643bf89" testName="GetDemeritInformationTest" computerName="WATERGATE" duration="00:00:00.0105591" startTime="2010-03-09T08:50:44.6310000-05:00" endTime="2010-03-09T08:50:44.6440000-05:00" testType="13cdc9d9-ddb5-4fa4-a97d-d965ccfc6d4b" outcome="Passed" testListId="8c84fa94-04c1-424b-9868-57a2d4851a1d">
      <Output>
      </Output>
    </UnitTestResult>
    <UnitTestResult executionId="e1de3db5-7188-48e1-9c58-4ba7f1603fdd" testId="0592f909-c8f5-63a5-cd3a-765531dd86f2" testName="GetStudentDemeritListTest" computerName="WATERGATE" duration="00:00:00.0085711" startTime="2010-03-09T08:50:44.6450000-05:00" endTime="2010-03-09T08:50:44.6560000-05:00" testType="13cdc9d9-ddb5-4fa4-a97d-d965ccfc6d4b" outcome="Passed" testListId="8c84fa94-04c1-424b-9868-57a2d4851a1d">
      <Output>
      </Output>
    </UnitTestResult>
    <UnitTestResult executionId="7ccd3a2f-2115-4f83-9d2e-5f86cf90aeec" testId="24d576dc-8a50-23c7-03c8-f5f73a484117" testName="GetStudentDetentionsTest" computerName="WATERGATE" duration="00:00:00.1344339" startTime="2010-03-09T08:50:44.6580000-05:00" endTime="2010-03-09T08:50:44.7950000-05:00" testType="13cdc9d9-ddb5-4fa4-a97d-d965ccfc6d4b" outcome="Passed" testListId="8c84fa94-04c1-424b-9868-57a2d4851a1d">
      <Output>
      </Output>
    </UnitTestResult>
    <UnitTestResult executionId="329a5d78-32eb-41ae-9eb2-3147bc29ec28" testId="4b75c757-6d4b-415f-83ca-4ead3705f6ae" testName="UserListTestMethod" computerName="WATERGATE" duration="00:00:00.0112920" startTime="2010-03-09T08:50:44.7960000-05:00" endTime="2010-03-09T08:50:44.8100000-05:00" testType="13cdc9d9-ddb5-4fa4-a97d-d965ccfc6d4b" outcome="Passed" testListId="8c84fa94-04c1-424b-9868-57a2d4851a1d">
      <Output>
      </Output>
    </UnitTestResult>
  </Results>
</TestRun>