<?xml version="1.0" encoding="UTF-8"?>
<TestRun id="578da750-237b-4bc6-aa40-642964e9840f" name="nmelonas@BE123-A030 2010-02-25 10:06:20" runUser="WVU-AD\nmelonas" xmlns="http://microsoft.com/schemas/VisualStudio/TeamTest/2006">
  <TestRunConfiguration name="Local Test Run" id="61bb3e6c-d965-4f07-9e9f-a894856af876">
    <Description>This is a default test run configuration for a local test run.</Description>
    <Deployment runDeploymentRoot="F:\Group1Stuff\WebServices\MIS2010Group1Project\TestResults\nmelonas_BE123-A030 2010-02-25 10_06_20">
      <DeploymentItem filename="F:\Group1Stuff\WebServices\MIS2010Group1Project\MIS2010Group1ClassLibrary\bin\Debug\MIS2010Group1ClassLibrary.dll" />
    </Deployment>
    <TestTypeSpecific />
  </TestRunConfiguration>
  <ResultSummary outcome="Failed">
    <Counters total="1" executed="1" error="0" failed="1" timeout="0" aborted="0" inconclusive="0" passedButRunAborted="0" notRunnable="0" notExecuted="0" disconnected="0" warning="0" passed="0" completed="0" inProgress="0" pending="0" />
  </ResultSummary>
  <Times creation="2010-02-25T10:06:20.0696980-05:00" queuing="2010-02-25T10:06:24.3353776-05:00" start="2010-02-25T10:06:24.8666344-05:00" finish="2010-02-25T10:06:28.2573028-05:00" />
  <TestDefinitions>
    <UnitTest name="GetCommentsTest" storage="f:\group1stuff\webservices\mis2010group1project\mis2010group1testproject\bin\debug\mis2010group1testproject.dll" id="5a3eb2ec-6880-570c-f73e-2800fc1137c2">
      <Css projectStructure="" iteration="" />
      <Owners>
        <Owner name="" />
      </Owners>
      <Execution id="a7e73a24-9ce1-48f4-983f-972077c879eb" />
      <TestMethod codeBase="F:\Group1Stuff\WebServices\MIS2010Group1Project\MIS2010Group1TestProject\bin\Debug\MIS2010Group1TestProject.dll" adapterTypeName="Microsoft.VisualStudio.TestTools.TestTypes.Unit.UnitTestAdapter, Microsoft.VisualStudio.QualityTools.Tips.UnitTest.Adapter, Version=9.0.0.0, Culture=neutral, PublicKeyToken=b03f5f7f11d50a3a" className="MIS2010Group1TestProject.CommentsTest, MIS2010Group1TestProject" name="GetCommentsTest" />
    </UnitTest>
  </TestDefinitions>
  <TestLists>
    <TestList name="Results Not in a List" id="8c84fa94-04c1-424b-9868-57a2d4851a1d" />
    <TestList name="All Loaded Results" id="19431567-8539-422a-85d7-44ee4e166bda" />
  </TestLists>
  <TestEntries>
    <TestEntry testId="5a3eb2ec-6880-570c-f73e-2800fc1137c2" executionId="a7e73a24-9ce1-48f4-983f-972077c879eb" testListId="8c84fa94-04c1-424b-9868-57a2d4851a1d" />
  </TestEntries>
  <Results>
    <UnitTestResult executionId="a7e73a24-9ce1-48f4-983f-972077c879eb" testId="5a3eb2ec-6880-570c-f73e-2800fc1137c2" testName="GetCommentsTest" computerName="BE123-A030" duration="00:00:01.8025539" startTime="2010-02-25T10:06:24.9760108-05:00" endTime="2010-02-25T10:06:28.1479264-05:00" testType="13cdc9d9-ddb5-4fa4-a97d-d965ccfc6d4b" outcome="Failed" testListId="8c84fa94-04c1-424b-9868-57a2d4851a1d">
      <Output>
        <ErrorInfo>
          <Message>Test method MIS2010Group1TestProject.CommentsTest.GetCommentsTest threw exception:  System.Data.SqlClient.SqlException: Procedure or function 'procGetComments' expects parameter '@assignedDemeritID', which was not supplied..</Message>
          <StackTrace>    at System.Data.SqlClient.SqlConnection.OnError(SqlException exception, Boolean breakConnection)
   at System.Data.SqlClient.SqlInternalConnection.OnError(SqlException exception, Boolean breakConnection)
   at System.Data.SqlClient.TdsParser.ThrowExceptionAndWarning(TdsParserStateObject stateObj)
   at System.Data.SqlClient.TdsParser.Run(RunBehavior runBehavior, SqlCommand cmdHandler, SqlDataReader dataStream, BulkCopySimpleResultSet bulkCopyHandler, TdsParserStateObject stateObj)
   at System.Data.SqlClient.SqlDataReader.ConsumeMetaData()
   at System.Data.SqlClient.SqlDataReader.get_MetaData()
   at System.Data.SqlClient.SqlCommand.FinishExecuteReader(SqlDataReader ds, RunBehavior runBehavior, String resetOptionsString)
   at System.Data.SqlClient.SqlCommand.RunExecuteReaderTds(CommandBehavior cmdBehavior, RunBehavior runBehavior, Boolean returnStream, Boolean async)
   at System.Data.SqlClient.SqlCommand.RunExecuteReader(CommandBehavior cmdBehavior, RunBehavior runBehavior, Boolean returnStream, String method, DbAsyncResult result)
   at System.Data.SqlClient.SqlCommand.RunExecuteReader(CommandBehavior cmdBehavior, RunBehavior runBehavior, Boolean returnStream, String method)
   at System.Data.SqlClient.SqlCommand.ExecuteReader(CommandBehavior behavior, String method)
   at System.Data.SqlClient.SqlCommand.ExecuteDbDataReader(CommandBehavior behavior)
   at System.Data.Common.DbCommand.System.Data.IDbCommand.ExecuteReader(CommandBehavior behavior)
   at System.Data.Common.DbDataAdapter.FillInternal(DataSet dataset, DataTable[] datatables, Int32 startRecord, Int32 maxRecords, String srcTable, IDbCommand command, CommandBehavior behavior)
   at System.Data.Common.DbDataAdapter.Fill(DataSet dataSet, Int32 startRecord, Int32 maxRecords, String srcTable, IDbCommand command, CommandBehavior behavior)
   at System.Data.Common.DbDataAdapter.Fill(DataSet dataSet)
   at MIS2010Group1ClassLibrary.Comments.GetComments(Nullable`1 adID, Nullable`1 userID) in F:\Group1Stuff\WebServices\MIS2010Group1Project\MIS2010Group1ClassLibrary\Comments.cs:line 62
   at MIS2010Group1TestProject.CommentsTest.GetCommentsTest() in F:\Group1Stuff\WebServices\MIS2010Group1Project\MIS2010Group1TestProject\CommentsTest.cs:line 78
</StackTrace>
        </ErrorInfo>
      </Output>
    </UnitTestResult>
  </Results>
</TestRun>