<?xml version="1.0" encoding="UTF-8"?>
<TestRun id="a80bda78-aa40-4c2c-8b97-2cb696c80da5" name="nmelonas@BE141-B009 2010-02-16 09:10:23" runUser="WVU-AD\nmelonas" xmlns="http://microsoft.com/schemas/VisualStudio/TeamTest/2006">
  <TestRunConfiguration name="Local Test Run" id="61bb3e6c-d965-4f07-9e9f-a894856af876">
    <Description>This is a default test run configuration for a local test run.</Description>
    <Deployment runDeploymentRoot="D:\Group1Stuff\WebServices\MIS2010Group1Project\TestResults\nmelonas_BE141-B009 2010-02-16 09_10_23">
      <DeploymentItem filename="D:\Group1Stuff\WebServices\MIS2010Group1Project\MIS2010Group1ClassLibrary\bin\Debug\MIS2010Group1ClassLibrary.dll" />
    </Deployment>
    <TestTypeSpecific />
  </TestRunConfiguration>
  <ResultSummary outcome="Completed">
    <Counters total="1" executed="1" passed="1" error="0" failed="0" timeout="0" aborted="0" inconclusive="0" passedButRunAborted="0" notRunnable="0" notExecuted="0" disconnected="0" warning="0" completed="0" inProgress="0" pending="0" />
  </ResultSummary>
  <Times creation="2010-02-16T09:10:23.8678081-05:00" queuing="2010-02-16T09:10:26.4615747-05:00" start="2010-02-16T09:10:26.8834524-05:00" finish="2010-02-16T09:10:30.6334764-05:00" />
  <TestDefinitions>
    <UnitTest name="UserListTestMethod" storage="d:\group1stuff\webservices\mis2010group1project\mis2010group1testproject\bin\debug\mis2010group1testproject.dll" id="4b75c757-6d4b-415f-83ca-4ead3705f6ae">
      <Css projectStructure="" iteration="" />
      <Owners>
        <Owner name="" />
      </Owners>
      <Execution id="26917e41-af36-49b4-b7a2-faac27149997" />
      <TestMethod codeBase="D:\Group1Stuff\WebServices\MIS2010Group1Project\MIS2010Group1TestProject\bin\Debug\MIS2010Group1TestProject.dll" adapterTypeName="Microsoft.VisualStudio.TestTools.TestTypes.Unit.UnitTestAdapter, Microsoft.VisualStudio.QualityTools.Tips.UnitTest.Adapter, Version=9.0.0.0, Culture=neutral, PublicKeyToken=b03f5f7f11d50a3a" className="MIS2010Group1TestProject.DUserUnitTest, MIS2010Group1TestProject" name="UserListTestMethod" />
    </UnitTest>
  </TestDefinitions>
  <TestLists>
    <TestList name="Results Not in a List" id="8c84fa94-04c1-424b-9868-57a2d4851a1d" />
    <TestList name="All Loaded Results" id="19431567-8539-422a-85d7-44ee4e166bda" />
  </TestLists>
  <TestEntries>
    <TestEntry testId="4b75c757-6d4b-415f-83ca-4ead3705f6ae" executionId="26917e41-af36-49b4-b7a2-faac27149997" testListId="8c84fa94-04c1-424b-9868-57a2d4851a1d" />
  </TestEntries>
  <Results>
    <UnitTestResult executionId="26917e41-af36-49b4-b7a2-faac27149997" testId="4b75c757-6d4b-415f-83ca-4ead3705f6ae" testName="UserListTestMethod" computerName="BE141-B009" duration="00:00:00.5906283" startTime="2010-02-16T09:10:26.9615779-05:00" endTime="2010-02-16T09:10:28.8678401-05:00" testType="13cdc9d9-ddb5-4fa4-a97d-d965ccfc6d4b" outcome="Passed" testListId="8c84fa94-04c1-424b-9868-57a2d4851a1d">
      <Output>
      </Output>
    </UnitTestResult>
  </Results>
</TestRun>